<testsuites name="results">
  <testsuite name="all" package="all">
    <property name="random_seed" value="1747770299" />
    <testcase name="test_acc_output" classname="test_acc_output" file="/home/xander/verilog/apex-tpu/test/test_acc_output.py" lineno="13" time="0.003229379653930664" sim_time_ns="160.001" ratio_time="49545.4288891842" />
  </testsuite>
</testsuites>
